MongoDB: ac-kh4bump-shard-00-00.0txb8no.mongodb.net
node:events:486
      throw er; // Unhandled 'error' event
      ^

Error: listen EADDRINUSE: address already in use :::5001
    at Server.setupListenHandle [as _listen2] (node:net:1948:16)
    at listenInCluster (node:net:2005:12)
    at Server.listen (node:net:2110:7)
    at app.listen (C:\Local Disk D files(OLD)\grocery\mahenoor-kirana-store-v2\node_modules\express\lib\application.js:635:24)
    at C:\Local Disk D files(OLD)\grocery\mahenoor-kirana-store-v2\server.js:44:28
    at process.processTicksAndRejections (node:internal/process/task_queues:104:5)
Emitted 'error' event on Server instance at:
    at emitErrorNT (node:net:1984:8)
    at process.processTicksAndRejections (node:internal/process/task_queues:90:21) {
  code: 'EADDRINUSE',
  errno: -4091,
  syscall: 'listen',
  address: '::',
  port: 5001
}

Node.js v24.14.0
